BEFORE:
Fake Database.
All Customers {

    Customer {
        externalId='12345'
        masterExternalId='null'
        companyNumber='null'
        internalId='67576'
        name='null'
        customerType=PERSON
        preferredStore='null'
        bonusPoints='0'
        address='null'
        shoppingLists=[]
    }

}
All Shopping Lists
[]
SYNCING THIS:
ExternalCustomer {
    externalId='12345'
    companyNumber='null'
    name='Joe Bloggs'
    preferredStore='Nordstan'
    bonusPoints='50'
    address='123 main st, SE-123 45 Stockholm'
    shoppingLists=[[lipstick, foundation]]
}
AFTER:
Fake Database.
All Customers {

    Customer {
        externalId='12345'
        masterExternalId='null'
        companyNumber='null'
        internalId='67576'
        name='Joe Bloggs'
        customerType=PERSON
        preferredStore='Nordstan'
        bonusPoints='50'
        address='123 main st, SE-123 45 Stockholm'
        shoppingLists=[[lipstick, foundation]]
    }

}
All Shopping Lists
[[lipstick, foundation]]